<html>
<body>
<pre>
<h1>µVision Build Log</h1>
<h2>Project:</h2>
C:\Users\HI\Desktop\hal\HAL_Robot\MDK-ARM\HAL_Robot.uvprojx
Project File Date:  07/16/2018

<h2>Output:</h2>
Build target 'HAL_Robot'
assembling startup_stm32f407xx.s...
compiling stm32f4xx_hal.c...
compiling stm32f4xx_hal_dma_ex.c...
compiling stm32f4xx_hal_rcc.c...
compiling stm32f4xx_hal_tim.c...
compiling stm32f4xx_hal_dma.c...
compiling stm32f4xx_hal_pwr.c...
compiling stm32f4xx_ll_fsmc.c...
compiling stm32f4xx_hal_tim_ex.c...
compiling stm32f4xx_hal_rcc_ex.c...
compiling stm32f4xx_hal_sram.c...
compiling stm32f4xx_hal_flash_ex.c...
compiling stm32f4xx_hal_uart.c...
compiling stm32f4xx_hal_gpio.c...
compiling stm32f4xx_hal_flash_ramfunc.c...
compiling stm32f4xx_hal_cortex.c...
compiling stm32f4xx_hal_pwr_ex.c...
compiling stm32f4xx_hal_flash.c...
compiling fsmc.c...
compiling stm32f4xx_it.c...
compiling usart.c...
../Src/usart.c(343): warning:  #177-D: variable "CheckSum_3" was declared but never referenced
        uint8_t  CheckSum_3 = 0;
../Src/usart.c: 1 warning, 0 errors
compiling tim.c...
compiling gpio.c...
compiling main.c...
compiling stm32f4xx_hal_msp.c...
compiling sys.c...
compiling delay.c...
compiling control.c...
compiling remote.c...
compiling get_info.c...
compiling find_ball.c...
compiling lcd.c...
compiling mpu6050.c...
compiling interrupt_callback.c...
compiling system_stm32f4xx.c...
linking...
Program Size: Code=31768 RO-data=18976 RW-data=64 ZI-data=2328  
"HAL_Robot\HAL_Robot.axf" - 0 Error(s), 1 Warning(s).

<h2>Software Packages used:</h2>

Package Vendor: ARM
                http://www.keil.com/pack/ARM.CMSIS.4.1.1.pack
                ARM::CMSIS:CORE:3.30.0
                CMSIS (Cortex Microcontroller Software Interface Standard)
   * Component: CORE Version: 3.30.0

<h2>Collection of Component include folders:</h2>
  C:\Users\HI\Desktop\hal\HAL_Robot\MDK-ARM\RTE
  C:\Keil_v5\ARM\PACK\ARM\CMSIS\4.1.1\CMSIS\Include

<h2>Collection of Component Files used:</h2>

   * Component: ARM::CMSIS:CORE:3.30.0
      Source file:   CMSIS\UserCodeTemplates\ARM\ITM_Retarget.c
